+00000 (F, 5000) 
[a] +00008 
+00000 (A,  108) +00108 (F, 4892) 
[a] +00008 [b] +00116 
+00000 (A,  108) +00108 (A,  108) +00216 (F, 4784) 
[a] +00008 [b] +00116 [c] +00224 
+00000 (A,  108) +00108 (A,  108) +00216 (A,  108) +00324 (F, 4676) 
[a] +00008 [b] +00116 [c] +00224 [d] +00332 
+00000 (A,  108) +00108 (A,  108) +00216 (A,  108) +00324 (A,  108) +00432 (F, 4568)
[a] +00008 [c] +00224 [d] +00332 
+00000 (A,  108) +00108 (F,  108) +00216 (A,  108) +00324 (A,  108) +00432 (F, 4568)
[a] +00008 [d] +00332 
+00000 (A,  108) +00108 (F,  216) +00324 (A,  108) +00432 (F, 4568) 
+00000 (A,  108) +00108 (F,  216) +00324 (A,  108) +00432 (F, 4568) 
