+00000 (F, 5000) 
[a] +00008 
+00000 (A,   20) +00020 (F, 4980) 
[a] +00008 [b] +00028 
+00000 (A,   20) +00020 (A,  108) +00128 (F, 4872) 
[b] +00028 
+00000 (F,   20) +00020 (A,  108) +00128 (F, 4872) 
+00000 (F,   20) +00020 (A,  108) +00128 (F, 4872) 
