test3: couldn't allocate 85 bytes for `f'
+00000 (F, 5000) 
[a] +00008 
+00000 (A, 1008) +01008 (F, 3992) 
[a] +00008 [b] +01016 
+00000 (A, 1008) +01008 (A, 2008) +03016 (F, 1984) 
[a] +00008 [b] +01016 [c] +03024 
+00000 (A, 1008) +01008 (A, 2008) +03016 (A, 1908) +04924 (F,   76) 
[a] +00008 [c] +03024 
+00000 (A, 1008) +01008 (F, 2008) +03016 (A, 1908) +04924 (F,   76) 
[a] +00008 [c] +03024 [d] +01016 
+00000 (A, 1008) +01008 (A, 1008) +02016 (F, 1000) +03016 (A, 1908) +04924 (F,   76)
[a] +00008 [c] +03024 [d] +01016 [e] +02024 
+00000 (A, 1008) +01008 (A, 1008) +02016 (A,  908) +02924 (F,   92) +03016 (A, 1908)
+04924 (F,   76) 
