+00000 (F, 5000) 
[a] +00008 
+00000 (A,   48) +00048 (F, 4952) 
[a] +00008 [b] +00056 
+00000 (A,   48) +00048 (A,  108) +00156 (F, 4844) 
[a] +00008 [b] +00056 [c] +00164 
+00000 (A,   48) +00048 (A,  108) +00156 (A,   48) +00204 (F, 4796) 
[a] +00008 [b] +00056 [c] +00164 [d] +00212 
+00000 (A,   48) +00048 (A,  108) +00156 (A,   48) +00204 (A,  108) +00312 (F, 4688)
[b] +00056 [c] +00164 [d] +00212 
+00000 (F,   48) +00048 (A,  108) +00156 (A,   48) +00204 (A,  108) +00312 (F, 4688)
[b] +00056 [d] +00212 
+00000 (F,   48) +00048 (A,  108) +00156 (F,   48) +00204 (A,  108) +00312 (F, 4688)
[a] +00008 [b] +00056 [d] +00212 
+00000 (A,   48) +00048 (A,  108) +00156 (F,   48) +00204 (A,  108) +00312 (F, 4688)
[a] +00008 [b] +00056 [c] +00164 [d] +00212 
+00000 (A,   48) +00048 (A,  108) +00156 (A,   48) +00204 (A,  108) +00312 (F, 4688)
[a] +00008 [b] +00056 [d] +00212 
+00000 (A,   48) +00048 (A,  108) +00156 (F,   48) +00204 (A,  108) +00312 (F, 4688)
[b] +00056 [d] +00212 
+00000 (F,   48) +00048 (A,  108) +00156 (F,   48) +00204 (A,  108) +00312 (F, 4688)
+00000 (F,   48) +00048 (A,  108) +00156 (F,   48) +00204 (A,  108) +00312 (F, 4688)
