test3: couldn't allocate 6000 bytes for `a'
+00000 (F, 5000) 
