+00000 (F, 5000) 
[a] +00008 
+00000 (A,   20) +00020 (F, 4980) 
[a] +00008 [b] +00028 
+00000 (A,   20) +00020 (A,   20) +00040 (F, 4960) 
[a] +00008 [b] +00028 [c] +00048 
+00000 (A,   20) +00020 (A,   20) +00040 (A,   20) +00060 (F, 4940) 
[a] +00008 [b] +00028 [c] +00048 [d] +00068 
+00000 (A,   20) +00020 (A,   20) +00040 (A,   20) +00060 (A,   20) +00080 (F, 4920)
[a] +00008 [b] +00028 [d] +00068 
+00000 (A,   20) +00020 (A,   20) +00040 (F,   20) +00060 (A,   20) +00080 (F, 4920)
[a] +00008 [d] +00068 
+00000 (A,   20) +00020 (F,   40) +00060 (A,   20) +00080 (F, 4920) 
+00000 (A,   20) +00020 (F,   40) +00060 (A,   20) +00080 (F, 4920) 
